

$ssh-keygen -t rsa -C "utkarshkashyap1225@gmail.com"
Generating public/private rsa key pair.
Enter file in which to save the key (/home/utkarsh/.ssh/id_rsa): 
Enter passphrase (empty for no passphrase): 
Enter same passphrase again: 
Your identification has been saved in /home/utkarsh/.ssh/id_rsa
Your public key has been saved in /home/utkarsh/.ssh/id_rsa.pub
The key fingerprint is:
SHA256:5+11WUlZqjwJ1MjKYzDe4JcsdG8Y2E6REzIuk8+2+tQ utkarshkashyap1225@gmail.com
The key's randomart image is:
+---[RSA 3072]----+
|      ooo=.o    .|
|     o*oB.o .  .o|
|    ++.@ B.   .o |
|     =+ % oo o. .|
|      ++So. =  ..|
|     . o o . .  o|
|      o E . . ...|
|     o     . . . |
|    ...     .    |
+----[SHA256]-----+


utkarsh@utkarsh-VirtualBox:~/.ssh$ eval "$(ssh-agent -s)"
Agent pid 4368

utkarsh@utkarsh-VirtualBox:~/.ssh$ ssh-add ~/.ssh/id_rsa
Identity added: /home/utkarsh/.ssh/id_rsa (utkarshkashyap1225@gmail.com)


copy id_rsa.pub to github



utkarsh@utkarsh-VirtualBox:~/.ssh$ ssh -T git@github.com
The authenticity of host 'github.com (20.207.73.82)' can't be established.
ED25519 key fingerprint is SHA256:+DiY3wvvV6TuJJhbpZisF/zLDA0zPMSvHdkr4UvCOqU.
This key is not known by any other names.
Are you sure you want to continue connecting (yes/no/[fingerprint])? yes
Warning: Permanently added 'github.com' (ED25519) to the list of known hosts.
Hi uk225! You've successfully authenticated, but GitHub does not provide shell access.


utkarsh@utkarsh-VirtualBox:~/myproject$ git config --global user.email "utkarshkashyap1225@gmail.com"
utkarsh@utkarsh-VirtualBox:~/myproject$ git config --global user.name "uk225"


utkarsh@utkarsh-VirtualBox:~/myproject$ git add .
utkarsh@utkarsh-VirtualBox:~/myproject$ git status
On branch main

No commits yet

Changes to be committed:
  (use "git rm --cached <file>..." to unstage)
	new file:   copy.c
	new file:   copy.h
	new file:   main
	new file:   main.c
	new file:   source.txt
	new file:   target.txt

utkarsh@utkarsh-VirtualBox:~/myproject$ git commit -m "syscall changes"
[main (root-commit) fd12542] syscall changes
 6 files changed, 136 insertions(+)
 create mode 100644 copy.c
 create mode 100644 copy.h
 create mode 100755 main
 create mode 100644 main.c
 create mode 100644 source.txt
 create mode 100644 target.txt



git remote add origin git@github.com:uk225/systemcall.git


utkarsh@utkarsh-VirtualBox:~/myproject$ git config pull.rebase false
utkarsh@utkarsh-VirtualBox:~/myproject$ git config pull.rebase true
utkarsh@utkarsh-VirtualBox:~/myproject$ git config pull.ff only
utkarsh@utkarsh-VirtualBox:~/myproject$ git status
On branch main
nothing to commit, working tree clean
utkarsh@utkarsh-VirtualBox:~/myproject$ git status
On branch main
nothing to commit, working tree clean
utkarsh@utkarsh-VirtualBox:~/myproject$ git push origin
fatal: The current branch main has no upstream branch.
To push the current branch and set the remote as upstream, use

    git push --set-upstream origin main

To have this happen automatically for branches without a tracking
upstream, see 'push.autoSetupRemote' in 'git help config'.

utkarsh@utkarsh-VirtualBox:~/myproject$ git branch --set-upstream-to=origin/main main
branch 'main' set up to track 'origin/main'.


utkarsh@utkarsh-VirtualBox:~/myproject$ git pull
hint: Diverging branches can't be fast-forwarded, you need to either:
hint: 
hint: 	git merge --no-ff
hint: 
hint: or:
hint: 
hint: 	git rebase
hint: 
hint: Disable this message with "git config advice.diverging false"
fatal: Not possible to fast-forward, aborting.
utkarsh@utkarsh-VirtualBox:~/myproject$ git merge --no-ff
fatal: refusing to merge unrelated histories
utkarsh@utkarsh-VirtualBox:~/myproject$ git rebase
Successfully rebased and updated refs/heads/main.


utkarsh@utkarsh-VirtualBox:~/myproject$ ls
copy.c  copy.h  main  main.c  README.md  source.txt  target.txt
utkarsh@utkarsh-VirtualBox:~/myproject$ git push origin main
Enumerating objects: 8, done.
Counting objects: 100% (8/8), done.
Delta compression using up to 6 threads
Compressing objects: 100% (7/7), done.
Writing objects: 100% (7/7), 5.04 KiB | 271.00 KiB/s, done.
Total 7 (delta 0), reused 0 (delta 0), pack-reused 0
To github.com:uk225/systemcall.git
   b86ba81..1ef8f7a  main -> main




